[16jul2025 13:58:39.557] [main/INFO] [cpw.mods.modlauncher.Launcher/MODLAUNCHER]: ModLauncher running: args [--mod, enhanced_ore_variety, --all, --output, D:\Repositorios GitHub\enhanced_ore_variety\src\generated\resources, --existing, D:\Repositorios GitHub\enhanced_ore_variety\src\main\resources, --launchTarget, forgedatadev, --assetIndex, asset-index, --assetsDir, C:\Users\marma\.gradle\caches\minecraft\assets, --gameDir, ., --fml.fmlVersion, 4.0.41, --fml.mcVersion, 1.21.1, --fml.neoForgeVersion, 21.1.192, --fml.neoFormVersion, 20240808.144430]
[16jul2025 13:58:39.566] [main/INFO] [cpw.mods.modlauncher.Launcher/MODLAUNCHER]: JVM identified as Eclipse Adoptium OpenJDK 64-Bit Server VM 21.0.7+6-LTS
[16jul2025 13:58:39.569] [main/INFO] [cpw.mods.modlauncher.Launcher/MODLAUNCHER]: ModLauncher 11.0.5+main.901c6ea8 starting: java version 21.0.7 by Eclipse Adoptium; OS Windows 11 arch amd64 version 10.0
[16jul2025 13:58:40.018] [main/INFO] [net.neoforged.fml.loading.ImmediateWindowHandler/]: ImmediateWindowProvider not loading because launch target is forgedatadev
[16jul2025 13:58:40.177] [main/INFO] [mixin/]: SpongePowered MIXIN Subsystem Version=0.8.7 Source=union:/C:/Users/marma/.gradle/caches/modules-2/files-2.1/net.fabricmc/sponge-mixin/0.15.2+mixin.0.8.7/2af2f021d8e02a0220dc27a7a72b4666d66d44ca/sponge-mixin-0.15.2+mixin.0.8.7.jar%23142!/ Service=ModLauncher Env=CLIENT
[16jul2025 13:58:40.639] [main/INFO] [net.neoforged.fml.loading.moddiscovery.ModDiscoverer/SCAN]: Found mod file "neoforge-21.1.192.jar" [locator: neoforge devenv provider ([D:\Repositorios GitHub\enhanced_ore_variety\.gradle\repositories\ng_dummy_ng\net\neoforged\neoforge\21.1.192\neoforge-21.1.192.jar])]
[16jul2025 13:58:40.697] [main/INFO] [net.neoforged.fml.loading.moddiscovery.ModDiscoverer/SCAN]: Found mod file "neoforge-21.1.192.jar" [locator: neoforge devenv provider ([D:\Repositorios GitHub\enhanced_ore_variety\.gradle\repositories\ng_dummy_ng\net\neoforged\neoforge\21.1.192\neoforge-21.1.192.jar])]
[16jul2025 13:58:40.735] [main/INFO] [net.neoforged.fml.loading.moddiscovery.ModDiscoverer/SCAN]: Found mod file "main" [locator: userdev mods and services, reader: mod manifest]
[16jul2025 13:58:40.766] [main/INFO] [net.neoforged.fml.loading.moddiscovery.ModDiscoverer/SCAN]: Found mod file "neoforge-21.1.192.jar" [locator: userdev mods and services, reader: mod manifest]
[16jul2025 13:58:41.145] [main/INFO] [net.neoforged.fml.loading.moddiscovery.ModDiscoverer/SCAN]: Found gamelibrary file "mixinextras-neoforge-0.4.1.jar" [locator: userdev mods and services, reader: mod manifest]
[16jul2025 13:58:41.327] [main/WARN] [net.neoforged.jarjar.selection.JarSelector/]: Attempted to select a dependency jar for JarJar which was passed in as source: library:mixinextras.neoforge. Using Mod File: C:\Users\marma\.gradle\caches\modules-2\files-2.1\io.github.llamalad7\mixinextras-neoforge\0.4.1\eff97772ecd0dcf8e52cdbafd3b3ccec425f8314\mixinextras-neoforge-0.4.1.jar
[16jul2025 13:58:41.327] [main/INFO] [net.neoforged.fml.loading.moddiscovery.locators.JarInJarDependencyLocator/]: Found 1 dependencies adding them to mods collection
[16jul2025 13:58:41.327] [main/INFO] [net.neoforged.fml.loading.moddiscovery.ModDiscoverer/SCAN]: Found library file "net.neoforged.neoforge-coremods-21.1.192.jar" [parent: neoforge-21.1.192.jar, locator: jarinjar, reader: mod manifest]
[16jul2025 13:58:41.346] [main/INFO] [net.neoforged.fml.loading.moddiscovery.ModDiscoverer/]: 
     Mod List:
		Name Version (Mod Id)

		Mar Mar's Enhanced Ore Variety 2.0.0 (enhanced_ore_variety)
		Minecraft 1.21.1 (minecraft)
		NeoForge 21.1.192 (neoforge)
[16jul2025 13:58:42.841] [main/INFO] [cpw.mods.modlauncher.LaunchServiceHandler/MODLAUNCHER]: Launching target 'forgedatadev' with arguments [--gameDir, ., --assetsDir, C:\Users\marma\.gradle\caches\minecraft\assets, --mod, enhanced_ore_variety, --all, --output, D:\Repositorios GitHub\enhanced_ore_variety\src\generated\resources, --existing, D:\Repositorios GitHub\enhanced_ore_variety\src\main\resources, --assetIndex, asset-index]
[16jul2025 13:58:44.393] [main/INFO] [net.neoforged.neoforge.data.loading.DatagenModLoader/]: Initializing Data Gatherer for mods [enhanced_ore_variety]
[16jul2025 13:58:44.416] [main/INFO] [MixinExtras|Service/]: Initializing MixinExtras via com.llamalad7.mixinextras.service.MixinExtrasServiceImpl(version=0.4.1).
[16jul2025 13:58:56.359] [modloading-worker-0/INFO] [net.neoforged.neoforge.common.NeoForgeMod/NEOFORGE-MOD]: NeoForge mod loading, version 21.1.192, for MC 1.21.1
[16jul2025 13:58:57.140] [main/WARN] [net.minecraft.server.packs.VanillaPackResourcesBuilder/]: Assets URL 'union:/D:/Repositorios%20GitHub/enhanced_ore_variety/.gradle/repositories/ng_dummy_ng/net/neoforged/neoforge/21.1.192/neoforge-21.1.192.jar%23195!/assets/.mcassetsroot' uses unexpected schema
[16jul2025 13:58:57.141] [main/WARN] [net.minecraft.server.packs.VanillaPackResourcesBuilder/]: Assets URL 'union:/D:/Repositorios%20GitHub/enhanced_ore_variety/.gradle/repositories/ng_dummy_ng/net/neoforged/neoforge/21.1.192/neoforge-21.1.192.jar%23195!/data/.mcassetsroot' uses unexpected schema
[16jul2025 13:58:57.854] [main/INFO] [net.minecraft.data.DataGenerator/]: Starting provider: Loot Tables
[16jul2025 13:58:58.268] [main/INFO] [net.minecraft.data.DataGenerator/]: Loot Tables finished after 412 ms
[16jul2025 13:58:58.268] [main/INFO] [net.minecraft.data.DataGenerator/]: Starting provider: Recipes
[16jul2025 13:58:58.446] [main/INFO] [net.minecraft.data.DataGenerator/]: Recipes finished after 178 ms
[16jul2025 13:58:58.450] [main/INFO] [net.minecraft.data.DataGenerator/]: Starting provider: Tags for minecraft:block mod id enhanced_ore_variety
[16jul2025 13:58:58.484] [main/INFO] [net.minecraft.data.DataGenerator/]: Tags for minecraft:block mod id enhanced_ore_variety finished after 29 ms
[16jul2025 13:58:58.484] [main/INFO] [net.minecraft.data.DataGenerator/]: Starting provider: Tags for minecraft:item mod id enhanced_ore_variety
[16jul2025 13:58:58.492] [main/INFO] [net.minecraft.data.DataGenerator/]: Tags for minecraft:item mod id enhanced_ore_variety finished after 6 ms
[16jul2025 13:58:58.492] [main/INFO] [net.minecraft.data.DataGenerator/]: Starting provider: Block States: enhanced_ore_variety
[16jul2025 13:58:58.623] [main/INFO] [net.minecraft.data.DataGenerator/]: Block States: enhanced_ore_variety finished after 131 ms
[16jul2025 13:58:58.623] [main/INFO] [net.minecraft.data.DataGenerator/]: Starting provider: Registries
[16jul2025 13:58:58.880] [main/INFO] [net.minecraft.data.DataGenerator/]: Registries finished after 256 ms
[16jul2025 13:58:58.880] [main/INFO] [net.minecraft.data.DataGenerator/]: Starting provider: Languages: en_us for mod: enhanced_ore_variety
[16jul2025 13:58:58.882] [main/INFO] [net.minecraft.data.DataGenerator/]: Languages: en_us for mod: enhanced_ore_variety finished after 1 ms
[16jul2025 13:58:58.882] [main/INFO] [net.minecraft.data.DataGenerator/]: Starting provider: Languages: es_ar for mod: enhanced_ore_variety
[16jul2025 13:58:58.884] [main/INFO] [net.minecraft.data.DataGenerator/]: Languages: es_ar for mod: enhanced_ore_variety finished after 1 ms
[16jul2025 13:58:58.884] [main/INFO] [net.minecraft.data.DataGenerator/]: Starting provider: Languages: es_cl for mod: enhanced_ore_variety
[16jul2025 13:58:58.886] [main/INFO] [net.minecraft.data.DataGenerator/]: Languages: es_cl for mod: enhanced_ore_variety finished after 1 ms
[16jul2025 13:58:58.886] [main/INFO] [net.minecraft.data.DataGenerator/]: Starting provider: Languages: es_ec for mod: enhanced_ore_variety
[16jul2025 13:58:58.888] [main/INFO] [net.minecraft.data.DataGenerator/]: Languages: es_ec for mod: enhanced_ore_variety finished after 0 ms
[16jul2025 13:58:58.888] [main/INFO] [net.minecraft.data.DataGenerator/]: Starting provider: Languages: es_mx for mod: enhanced_ore_variety
[16jul2025 13:58:58.888] [main/INFO] [net.minecraft.data.DataGenerator/]: Languages: es_mx for mod: enhanced_ore_variety finished after 0 ms
[16jul2025 13:58:58.890] [main/INFO] [net.minecraft.data.DataGenerator/]: Starting provider: Languages: es_es for mod: enhanced_ore_variety
[16jul2025 13:58:58.892] [main/INFO] [net.minecraft.data.DataGenerator/]: Languages: es_es for mod: enhanced_ore_variety finished after 1 ms
[16jul2025 13:58:58.892] [main/INFO] [net.minecraft.data.DataGenerator/]: Starting provider: Languages: es_uy for mod: enhanced_ore_variety
[16jul2025 13:58:58.894] [main/INFO] [net.minecraft.data.DataGenerator/]: Languages: es_uy for mod: enhanced_ore_variety finished after 0 ms
[16jul2025 13:58:58.894] [main/INFO] [net.minecraft.data.DataGenerator/]: Starting provider: Languages: es_ve for mod: enhanced_ore_variety
[16jul2025 13:58:58.894] [main/INFO] [net.minecraft.data.DataGenerator/]: Languages: es_ve for mod: enhanced_ore_variety finished after 0 ms
[16jul2025 13:58:58.896] [main/INFO] [net.minecraft.data.DataGenerator/]: All providers took: 1042 ms
[16jul2025 13:58:58.918] [main/INFO] [net.minecraft.data.HashCache/]: Caching: total files: 278, old count: 278, new count: 279, removed stale: 0, written: 0
