[16jul2025 13:44:54.408] [main/INFO] [cpw.mods.modlauncher.Launcher/MODLAUNCHER]: ModLauncher running: args [--launchTarget, forgeclientdev, --version, 21.1.192, --assetIndex, asset-index, --assetsDir, C:\Users\marma\.gradle\caches\minecraft\assets, --gameDir, ., --fml.fmlVersion, 4.0.41, --fml.mcVersion, 1.21.1, --fml.neoForgeVersion, 21.1.192, --fml.neoFormVersion, 20240808.144430]
[16jul2025 13:44:54.418] [main/INFO] [cpw.mods.modlauncher.Launcher/MODLAUNCHER]: JVM identified as Eclipse Adoptium OpenJDK 64-Bit Server VM 21.0.7+6-LTS
[16jul2025 13:44:54.422] [main/INFO] [cpw.mods.modlauncher.Launcher/MODLAUNCHER]: ModLauncher 11.0.5+main.901c6ea8 starting: java version 21.0.7 by Eclipse Adoptium; OS Windows 11 arch amd64 version 10.0
[16jul2025 13:44:54.664] [main/INFO] [net.neoforged.fml.loading.ImmediateWindowHandler/]: Loading ImmediateWindowProvider fmlearlywindow
[16jul2025 13:44:54.979] [main/INFO] [EARLYDISPLAY/]: Trying GL version 4.6
[16jul2025 13:44:55.225] [main/INFO] [EARLYDISPLAY/]: Requested GL version 4.6 got version 4.6
[16jul2025 13:44:55.543] [main/INFO] [mixin/]: SpongePowered MIXIN Subsystem Version=0.8.7 Source=union:/C:/Users/marma/.gradle/caches/modules-2/files-2.1/net.fabricmc/sponge-mixin/0.15.2+mixin.0.8.7/2af2f021d8e02a0220dc27a7a72b4666d66d44ca/sponge-mixin-0.15.2+mixin.0.8.7.jar%23142!/ Service=ModLauncher Env=CLIENT
[16jul2025 13:44:55.898] [main/INFO] [net.neoforged.fml.loading.moddiscovery.ModDiscoverer/SCAN]: Found mod file "neoforge-21.1.192.jar" [locator: neoforge devenv provider ([D:\Repositorios GitHub\enhanced_ore_variety\.gradle\repositories\ng_dummy_ng\net\neoforged\neoforge\21.1.192\neoforge-21.1.192.jar])]
[16jul2025 13:44:55.969] [main/INFO] [net.neoforged.fml.loading.moddiscovery.ModDiscoverer/SCAN]: Found mod file "neoforge-21.1.192.jar" [locator: neoforge devenv provider ([D:\Repositorios GitHub\enhanced_ore_variety\.gradle\repositories\ng_dummy_ng\net\neoforged\neoforge\21.1.192\neoforge-21.1.192.jar])]
[16jul2025 13:44:56.003] [main/INFO] [net.neoforged.fml.loading.moddiscovery.ModDiscoverer/SCAN]: Found mod file "main" [locator: userdev mods and services, reader: mod manifest]
[16jul2025 13:44:56.040] [main/INFO] [net.neoforged.fml.loading.moddiscovery.ModDiscoverer/SCAN]: Found mod file "neoforge-21.1.192.jar" [locator: userdev mods and services, reader: mod manifest]
[16jul2025 13:44:56.173] [pool-2-thread-1/INFO] [EARLYDISPLAY/]: GL info: AMD Radeon(TM) Vega 3 Graphics GL version 4.6.0 Core Profile Context 25.5.1.250226, ATI Technologies Inc.
[16jul2025 13:44:56.407] [main/INFO] [net.neoforged.fml.loading.moddiscovery.ModDiscoverer/SCAN]: Found gamelibrary file "mixinextras-neoforge-0.4.1.jar" [locator: userdev mods and services, reader: mod manifest]
[16jul2025 13:44:56.708] [main/WARN] [net.neoforged.jarjar.selection.JarSelector/]: Attempted to select a dependency jar for JarJar which was passed in as source: library:mixinextras.neoforge. Using Mod File: C:\Users\marma\.gradle\caches\modules-2\files-2.1\io.github.llamalad7\mixinextras-neoforge\0.4.1\eff97772ecd0dcf8e52cdbafd3b3ccec425f8314\mixinextras-neoforge-0.4.1.jar
[16jul2025 13:44:56.709] [main/INFO] [net.neoforged.fml.loading.moddiscovery.locators.JarInJarDependencyLocator/]: Found 1 dependencies adding them to mods collection
[16jul2025 13:44:56.710] [main/INFO] [net.neoforged.fml.loading.moddiscovery.ModDiscoverer/SCAN]: Found library file "net.neoforged.neoforge-coremods-21.1.192.jar" [parent: neoforge-21.1.192.jar, locator: jarinjar, reader: mod manifest]
[16jul2025 13:44:56.713] [main/INFO] [net.neoforged.fml.loading.moddiscovery.ModDiscoverer/]: 
     Mod List:
		Name Version (Mod Id)

		Enhanced Ore Variety 1.0.0 (enhanced_ore_variety)
		Minecraft 1.21.1 (minecraft)
		NeoForge 21.1.192 (neoforge)
[16jul2025 13:44:57.867] [main/INFO] [cpw.mods.modlauncher.LaunchServiceHandler/MODLAUNCHER]: Launching target 'forgeclientdev' with arguments [--version, 21.1.192, --gameDir, ., --assetsDir, C:\Users\marma\.gradle\caches\minecraft\assets, --assetIndex, asset-index]
[16jul2025 13:45:07.469] [pool-7-thread-1/INFO] [MixinExtras|Service/]: Initializing MixinExtras via com.llamalad7.mixinextras.service.MixinExtrasServiceImpl(version=0.4.1).
[16jul2025 13:45:10.475] [Datafixer Bootstrap/INFO] [com.mojang.datafixers.DataFixerBuilder/]: 229 Datafixer optimizations took 7848 milliseconds
[16jul2025 13:45:21.245] [main/WARN] [net.minecraft.commands.Commands/]: Ambiguity between arguments [teleport, location] and [teleport, destination] with inputs: [0.1 -0.5 .9, 0 0 0]
[16jul2025 13:45:21.249] [main/WARN] [net.minecraft.commands.Commands/]: Ambiguity between arguments [teleport, location] and [teleport, targets] with inputs: [0.1 -0.5 .9, 0 0 0]
[16jul2025 13:45:21.255] [main/WARN] [net.minecraft.commands.Commands/]: Ambiguity between arguments [teleport, destination] and [teleport, targets] with inputs: [Player, 0123, @e, dd12be42-52a9-4a91-a8a1-11c01849e498]
[16jul2025 13:45:21.259] [main/WARN] [net.minecraft.commands.Commands/]: Ambiguity between arguments [teleport, targets] and [teleport, destination] with inputs: [Player, 0123, dd12be42-52a9-4a91-a8a1-11c01849e498]
[16jul2025 13:45:21.263] [main/WARN] [net.minecraft.commands.Commands/]: Ambiguity between arguments [teleport, targets, location] and [teleport, targets, destination] with inputs: [0.1 -0.5 .9, 0 0 0]
[16jul2025 13:45:21.655] [Render thread/WARN] [net.minecraft.server.packs.VanillaPackResourcesBuilder/]: Assets URL 'union:/D:/Repositorios%20GitHub/enhanced_ore_variety/.gradle/repositories/ng_dummy_ng/net/neoforged/neoforge/21.1.192/neoforge-21.1.192.jar%23195!/assets/.mcassetsroot' uses unexpected schema
[16jul2025 13:45:21.656] [Render thread/WARN] [net.minecraft.server.packs.VanillaPackResourcesBuilder/]: Assets URL 'union:/D:/Repositorios%20GitHub/enhanced_ore_variety/.gradle/repositories/ng_dummy_ng/net/neoforged/neoforge/21.1.192/neoforge-21.1.192.jar%23195!/data/.mcassetsroot' uses unexpected schema
[16jul2025 13:45:21.729] [Render thread/INFO] [com.mojang.authlib.yggdrasil.YggdrasilAuthenticationService/]: Environment: Environment[sessionHost=https://sessionserver.mojang.com, servicesHost=https://api.minecraftservices.com, name=PROD]
[16jul2025 13:45:21.754] [Render thread/INFO] [net.minecraft.client.Minecraft/]: Setting user: Dev
[16jul2025 13:45:21.990] [Render thread/INFO] [net.minecraft.client.Minecraft/]: Backend library: LWJGL version 3.3.3+5
[16jul2025 13:45:22.664] [modloading-worker-0/INFO] [net.neoforged.neoforge.common.NeoForgeMod/NEOFORGE-MOD]: NeoForge mod loading, version 21.1.192, for MC 1.21.1
[16jul2025 13:45:24.980] [Render thread/INFO] [net.neoforged.neoforge.gametest.GameTestHooks/]: Enabled Gametest Namespaces: [enhanced_ore_variety]
[16jul2025 13:45:25.486] [Render thread/INFO] [net.minecraft.server.packs.resources.ReloadableResourceManager/]: Reloading ResourceManager: vanilla, mod_resources, mod/neoforge, mod/enhanced_ore_variety
[16jul2025 13:45:25.910] [Worker-Main-1/INFO] [net.minecraft.client.gui.font.providers.UnihexProvider/]: Found unifont_all_no_pua-15.1.05.hex, loading
[16jul2025 13:45:26.505] [Worker-Main-1/INFO] [net.minecraft.client.gui.font.providers.UnihexProvider/]: Found unifont_jp_patch-15.1.05.hex, loading
[16jul2025 13:45:32.633] [Render thread/WARN] [net.minecraft.client.sounds.SoundEngine/]: Missing sound for event: minecraft:item.goat_horn.play
[16jul2025 13:45:32.634] [Render thread/WARN] [net.minecraft.client.sounds.SoundEngine/]: Missing sound for event: minecraft:entity.goat.screaming.horn_break
[16jul2025 13:45:33.185] [Render thread/INFO] [com.mojang.blaze3d.audio.Library/]: OpenAL initialized on device OpenAL Soft on Altavoces (USB Audio Device)
[16jul2025 13:45:33.186] [Render thread/INFO] [net.minecraft.client.sounds.SoundEngine/SOUNDS]: Sound engine started
[16jul2025 13:45:33.462] [Render thread/INFO] [net.minecraft.client.renderer.texture.TextureAtlas/]: Created: 1024x512x4 minecraft:textures/atlas/blocks.png-atlas
[16jul2025 13:45:33.493] [Render thread/INFO] [net.minecraft.client.renderer.texture.TextureAtlas/]: Created: 256x256x4 minecraft:textures/atlas/signs.png-atlas
[16jul2025 13:45:33.495] [Render thread/INFO] [net.minecraft.client.renderer.texture.TextureAtlas/]: Created: 512x512x4 minecraft:textures/atlas/banner_patterns.png-atlas
[16jul2025 13:45:33.496] [Render thread/INFO] [net.minecraft.client.renderer.texture.TextureAtlas/]: Created: 512x512x4 minecraft:textures/atlas/shield_patterns.png-atlas
[16jul2025 13:45:33.504] [Render thread/INFO] [net.minecraft.client.renderer.texture.TextureAtlas/]: Created: 1024x1024x4 minecraft:textures/atlas/armor_trims.png-atlas
[16jul2025 13:45:33.529] [Render thread/INFO] [net.minecraft.client.renderer.texture.TextureAtlas/]: Created: 256x256x4 minecraft:textures/atlas/chest.png-atlas
[16jul2025 13:45:33.530] [Render thread/INFO] [net.minecraft.client.renderer.texture.TextureAtlas/]: Created: 128x64x4 minecraft:textures/atlas/decorated_pot.png-atlas
[16jul2025 13:45:33.531] [Render thread/INFO] [net.minecraft.client.renderer.texture.TextureAtlas/]: Created: 512x256x4 minecraft:textures/atlas/beds.png-atlas
[16jul2025 13:45:33.534] [Render thread/INFO] [net.minecraft.client.renderer.texture.TextureAtlas/]: Created: 512x256x4 minecraft:textures/atlas/shulker_boxes.png-atlas
[16jul2025 13:45:34.041] [Render thread/INFO] [net.minecraft.client.renderer.texture.TextureAtlas/]: Created: 512x256x0 minecraft:textures/atlas/particles.png-atlas
[16jul2025 13:45:34.044] [Render thread/INFO] [net.minecraft.client.renderer.texture.TextureAtlas/]: Created: 512x256x0 minecraft:textures/atlas/paintings.png-atlas
[16jul2025 13:45:34.045] [Render thread/INFO] [net.minecraft.client.renderer.texture.TextureAtlas/]: Created: 256x128x0 minecraft:textures/atlas/mob_effects.png-atlas
[16jul2025 13:45:34.048] [Render thread/INFO] [net.minecraft.client.renderer.texture.TextureAtlas/]: Created: 64x64x0 minecraft:textures/atlas/map_decorations.png-atlas
[16jul2025 13:45:34.049] [Render thread/INFO] [net.minecraft.client.renderer.texture.TextureAtlas/]: Created: 1024x512x0 minecraft:textures/atlas/gui.png-atlas
[16jul2025 13:45:34.616] [Render thread/WARN] [net.minecraft.client.renderer.ShaderInstance/]: Shader rendertype_entity_translucent_emissive could not find sampler named Sampler2 in the specified shader program.
[16jul2025 13:45:35.639] [Render thread/INFO] [net.neoforged.neoforge.client.entity.animation.json.AnimationLoader/]: Loaded 0 entity animations
[16jul2025 13:45:44.567] [Render thread/INFO] [net.minecraft.server.packs.resources.ReloadableResourceManager/]: Reloading ResourceManager: vanilla, mod_resources, mod/neoforge, mod/enhanced_ore_variety
[16jul2025 13:45:44.592] [Worker-Main-3/INFO] [net.minecraft.client.gui.font.providers.UnihexProvider/]: Found unifont_all_no_pua-15.1.05.hex, loading
[16jul2025 13:45:44.938] [Worker-Main-3/INFO] [net.minecraft.client.gui.font.providers.UnihexProvider/]: Found unifont_jp_patch-15.1.05.hex, loading
[16jul2025 13:45:47.112] [Render thread/WARN] [net.minecraft.client.sounds.SoundEngine/]: Missing sound for event: minecraft:item.goat_horn.play
[16jul2025 13:45:47.113] [Render thread/WARN] [net.minecraft.client.sounds.SoundEngine/]: Missing sound for event: minecraft:entity.goat.screaming.horn_break
[16jul2025 13:45:47.382] [Render thread/INFO] [com.mojang.blaze3d.audio.Library/]: OpenAL initialized on device OpenAL Soft on Altavoces (USB Audio Device)
[16jul2025 13:45:47.383] [Render thread/INFO] [net.minecraft.client.sounds.SoundEngine/SOUNDS]: Sound engine started
[16jul2025 13:45:47.506] [Render thread/INFO] [net.minecraft.client.renderer.texture.TextureAtlas/]: Created: 1024x512x4 minecraft:textures/atlas/blocks.png-atlas
[16jul2025 13:45:47.518] [Render thread/INFO] [net.minecraft.client.renderer.texture.TextureAtlas/]: Created: 256x256x4 minecraft:textures/atlas/signs.png-atlas
[16jul2025 13:45:47.519] [Render thread/INFO] [net.minecraft.client.renderer.texture.TextureAtlas/]: Created: 512x512x4 minecraft:textures/atlas/banner_patterns.png-atlas
[16jul2025 13:45:47.522] [Render thread/INFO] [net.minecraft.client.renderer.texture.TextureAtlas/]: Created: 512x512x4 minecraft:textures/atlas/shield_patterns.png-atlas
[16jul2025 13:45:47.532] [Render thread/INFO] [net.minecraft.client.renderer.texture.TextureAtlas/]: Created: 1024x1024x4 minecraft:textures/atlas/armor_trims.png-atlas
[16jul2025 13:45:47.553] [Render thread/INFO] [net.minecraft.client.renderer.texture.TextureAtlas/]: Created: 256x256x4 minecraft:textures/atlas/chest.png-atlas
[16jul2025 13:45:47.554] [Render thread/INFO] [net.minecraft.client.renderer.texture.TextureAtlas/]: Created: 128x64x4 minecraft:textures/atlas/decorated_pot.png-atlas
[16jul2025 13:45:47.554] [Render thread/INFO] [net.minecraft.client.renderer.texture.TextureAtlas/]: Created: 512x256x4 minecraft:textures/atlas/beds.png-atlas
[16jul2025 13:45:47.555] [Render thread/INFO] [net.minecraft.client.renderer.texture.TextureAtlas/]: Created: 512x256x4 minecraft:textures/atlas/shulker_boxes.png-atlas
[16jul2025 13:45:47.578] [Render thread/INFO] [net.minecraft.client.renderer.texture.TextureAtlas/]: Created: 512x256x0 minecraft:textures/atlas/particles.png-atlas
[16jul2025 13:45:47.580] [Render thread/INFO] [net.minecraft.client.renderer.texture.TextureAtlas/]: Created: 512x256x0 minecraft:textures/atlas/paintings.png-atlas
[16jul2025 13:45:47.581] [Render thread/INFO] [net.minecraft.client.renderer.texture.TextureAtlas/]: Created: 256x128x0 minecraft:textures/atlas/mob_effects.png-atlas
[16jul2025 13:45:47.581] [Render thread/INFO] [net.minecraft.client.renderer.texture.TextureAtlas/]: Created: 64x64x0 minecraft:textures/atlas/map_decorations.png-atlas
[16jul2025 13:45:47.583] [Render thread/INFO] [net.minecraft.client.renderer.texture.TextureAtlas/]: Created: 1024x512x0 minecraft:textures/atlas/gui.png-atlas
[16jul2025 13:45:47.602] [Render thread/WARN] [net.minecraft.client.renderer.ShaderInstance/]: Shader rendertype_entity_translucent_emissive could not find sampler named Sampler2 in the specified shader program.
[16jul2025 13:45:47.636] [Render thread/INFO] [net.neoforged.neoforge.client.entity.animation.json.AnimationLoader/]: Loaded 0 entity animations
[16jul2025 13:46:10.532] [Render thread/INFO] [net.minecraft.world.item.crafting.RecipeManager/]: Loaded 1308 recipes
[16jul2025 13:46:10.978] [Render thread/INFO] [net.minecraft.advancements.AdvancementTree/]: Loaded 1417 advancements
[16jul2025 13:46:11.024] [Render thread/WARN] [net.minecraft.core.MappedRegistry/]: Not all defined tags for registry ResourceKey[minecraft:root / minecraft:item] are present in data pack: forge:quartz_ores
[16jul2025 13:46:29.687] [Server thread/INFO] [net.minecraft.client.server.IntegratedServer/]: Starting integrated minecraft server version 1.21.1
[16jul2025 13:46:29.687] [Server thread/INFO] [net.minecraft.server.MinecraftServer/]: Generating keypair
[16jul2025 13:46:38.454] [Server thread/INFO] [net.minecraft.server.MinecraftServer/]: Preparing start region for dimension minecraft:overworld
[16jul2025 13:46:38.616] [progressListener/INFO] [net.minecraft.server.level.progress.LoggerChunkProgressListener/]: Preparando zona de aparición: 2%
[16jul2025 13:46:39.000] [progressListener/INFO] [net.minecraft.server.level.progress.LoggerChunkProgressListener/]: Preparando zona de aparición: 2%
[16jul2025 13:46:39.478] [progressListener/INFO] [net.minecraft.server.level.progress.LoggerChunkProgressListener/]: Preparando zona de aparición: 2%
[16jul2025 13:46:40.012] [progressListener/INFO] [net.minecraft.server.level.progress.LoggerChunkProgressListener/]: Preparando zona de aparición: 2%
[16jul2025 13:46:40.532] [progressListener/INFO] [net.minecraft.server.level.progress.LoggerChunkProgressListener/]: Preparando zona de aparición: 2%
[16jul2025 13:46:41.009] [progressListener/INFO] [net.minecraft.server.level.progress.LoggerChunkProgressListener/]: Preparando zona de aparición: 4%
[16jul2025 13:46:41.526] [progressListener/INFO] [net.minecraft.server.level.progress.LoggerChunkProgressListener/]: Preparando zona de aparición: 14%
[16jul2025 13:46:41.983] [progressListener/INFO] [net.minecraft.server.level.progress.LoggerChunkProgressListener/]: Preparando zona de aparición: 18%
[16jul2025 13:46:42.538] [progressListener/INFO] [net.minecraft.server.level.progress.LoggerChunkProgressListener/]: Preparando zona de aparición: 18%
[16jul2025 13:46:43.021] [progressListener/INFO] [net.minecraft.server.level.progress.LoggerChunkProgressListener/]: Preparando zona de aparición: 18%
[16jul2025 13:46:43.498] [progressListener/INFO] [net.minecraft.server.level.progress.LoggerChunkProgressListener/]: Preparando zona de aparición: 18%
[16jul2025 13:46:43.992] [progressListener/INFO] [net.minecraft.server.level.progress.LoggerChunkProgressListener/]: Preparando zona de aparición: 18%
[16jul2025 13:46:44.509] [progressListener/INFO] [net.minecraft.server.level.progress.LoggerChunkProgressListener/]: Preparando zona de aparición: 18%
[16jul2025 13:46:45.155] [progressListener/INFO] [net.minecraft.server.level.progress.LoggerChunkProgressListener/]: Preparando zona de aparición: 32%
[16jul2025 13:46:45.491] [progressListener/INFO] [net.minecraft.server.level.progress.LoggerChunkProgressListener/]: Preparando zona de aparición: 51%
[16jul2025 13:46:46.007] [progressListener/INFO] [net.minecraft.server.level.progress.LoggerChunkProgressListener/]: Preparando zona de aparición: 51%
[16jul2025 13:46:46.484] [progressListener/INFO] [net.minecraft.server.level.progress.LoggerChunkProgressListener/]: Preparando zona de aparición: 51%
[16jul2025 13:46:46.985] [progressListener/INFO] [net.minecraft.server.level.progress.LoggerChunkProgressListener/]: Preparando zona de aparición: 51%
[16jul2025 13:46:47.529] [progressListener/INFO] [net.minecraft.server.level.progress.LoggerChunkProgressListener/]: Preparando zona de aparición: 51%
[16jul2025 13:46:48.013] [progressListener/INFO] [net.minecraft.server.level.progress.LoggerChunkProgressListener/]: Preparando zona de aparición: 97%
[16jul2025 13:46:48.253] [Server thread/INFO] [net.neoforged.neoforge.server.permission.PermissionAPI/]: Successfully initialized permission handler neoforge:default_handler
[16jul2025 13:46:48.256] [Server thread/WARN] [net.neoforged.neoforge.common.TagConventionLogWarning/]: 
   Dev warning - Legacy Tags detected. Please migrate your 'forge' namespace tags to the 'c' namespace! See net.neoforged.neoforge.common.Tags.java for all tags.
   NOTE: Many tags have been moved around or renamed. Some new ones were added so please review the new tags.
    And make sure you follow tag conventions for new tags! The convention is `c` with nouns generally being plural and adjectives being singular.
   You can disable this message in NeoForge's common config by setting `logLegacyTagWarnings` to "SILENCED" or see individual tags with "DEV_VERBOSE".

[16jul2025 13:46:48.277] [progressListener/INFO] [net.minecraft.server.level.progress.LoggerChunkProgressListener/]: Time elapsed: 9802 ms
[16jul2025 13:46:48.335] [Server thread/INFO] [net.minecraft.client.server.IntegratedServer/]: Changing view distance to 12, from 10
[16jul2025 13:46:48.335] [Server thread/INFO] [net.minecraft.client.server.IntegratedServer/]: Changing simulation distance to 12, from 0
[16jul2025 13:46:50.331] [Server thread/INFO] [net.minecraft.server.players.PlayerList/]: Dev[local:E:955b0766] logged in with entity id 20 at (4.5, 105.0, -5.5)
[16jul2025 13:46:50.619] [Server thread/INFO] [net.minecraft.server.MinecraftServer/]: Dev se conectó
[16jul2025 13:46:51.627] [Render thread/INFO] [net.minecraft.advancements.AdvancementTree/]: Loaded 2 advancements
[16jul2025 13:47:22.040] [Server thread/INFO] [net.minecraft.server.MinecraftServer/]: [Dev: Tu modo de juego cambió a Espectador]
[16jul2025 13:47:22.191] [Render thread/INFO] [net.minecraft.client.gui.components.ChatComponent/]: [System] [CHAT] Tu modo de juego cambió a Espectador
[16jul2025 13:47:33.288] [Server thread/INFO] [net.minecraft.server.MinecraftServer/]: [Dev: Se aplicó el efecto Visión nocturna a Dev]
[16jul2025 13:47:33.403] [Render thread/INFO] [net.minecraft.client.gui.components.ChatComponent/]: [System] [CHAT] Se aplicó el efecto Visión nocturna a Dev
[16jul2025 13:49:17.999] [Server thread/INFO] [net.minecraft.server.MinecraftServer/]: [Dev: La dificultad se estableció en Pacífico]
[16jul2025 13:49:18.034] [Render thread/INFO] [net.minecraft.client.gui.components.ChatComponent/]: [System] [CHAT] La dificultad se estableció en Pacífico
[16jul2025 13:49:22.479] [Server thread/INFO] [net.minecraft.server.MinecraftServer/]: [Dev: Tu modo de juego cambió a Creativo]
[16jul2025 13:49:22.497] [Render thread/INFO] [net.minecraft.client.gui.components.ChatComponent/]: [System] [CHAT] Tu modo de juego cambió a Creativo
[16jul2025 13:49:23.898] [Render thread/INFO] [net.minecraft.advancements.AdvancementTree/]: Loaded 13 advancements
[16jul2025 13:49:32.397] [Server thread/INFO] [net.minecraft.server.MinecraftServer/]: [Dev: Tu modo de juego cambió a Supervivencia]
[16jul2025 13:49:32.405] [Render thread/INFO] [net.minecraft.client.gui.components.ChatComponent/]: [System] [CHAT] Tu modo de juego cambió a Supervivencia
[16jul2025 13:49:34.391] [Server thread/INFO] [net.minecraft.server.MinecraftServer/]: [Dev: Tu modo de juego cambió a Creativo]
[16jul2025 13:49:34.405] [Render thread/INFO] [net.minecraft.client.gui.components.ChatComponent/]: [System] [CHAT] Tu modo de juego cambió a Creativo
[16jul2025 13:49:41.307] [Server thread/INFO] [net.minecraft.server.MinecraftServer/]: Dev acaba de conseguir el progreso [Mejorando herramientas]
[16jul2025 13:49:41.321] [Render thread/INFO] [net.minecraft.client.gui.components.ChatComponent/]: [System] [CHAT] Dev acaba de conseguir el progreso [Mejorando herramientas]
[16jul2025 13:49:41.343] [Render thread/INFO] [net.minecraft.advancements.AdvancementTree/]: Loaded 21 advancements
[16jul2025 13:49:42.272] [Server thread/INFO] [net.minecraft.server.MinecraftServer/]: [Dev: Tu modo de juego cambió a Supervivencia]
[16jul2025 13:49:42.282] [Render thread/INFO] [net.minecraft.client.gui.components.ChatComponent/]: [System] [CHAT] Tu modo de juego cambió a Supervivencia
[16jul2025 13:49:50.178] [Render thread/INFO] [net.minecraft.advancements.AdvancementTree/]: Loaded 24 advancements
[16jul2025 13:50:01.441] [Server thread/INFO] [net.minecraft.server.MinecraftServer/]: [Dev: Tu modo de juego cambió a Creativo]
[16jul2025 13:50:01.459] [Render thread/INFO] [net.minecraft.client.gui.components.ChatComponent/]: [System] [CHAT] Tu modo de juego cambió a Creativo
[16jul2025 13:50:07.824] [Server thread/INFO] [net.minecraft.server.MinecraftServer/]: [Dev: Tu modo de juego cambió a Supervivencia]
[16jul2025 13:50:07.872] [Render thread/INFO] [net.minecraft.client.gui.components.ChatComponent/]: [System] [CHAT] Tu modo de juego cambió a Supervivencia
[16jul2025 13:50:23.756] [Server thread/INFO] [net.minecraft.server.MinecraftServer/]: [Dev: Tu modo de juego cambió a Creativo]
[16jul2025 13:50:23.769] [Render thread/INFO] [net.minecraft.client.gui.components.ChatComponent/]: [System] [CHAT] Tu modo de juego cambió a Creativo
[16jul2025 13:50:36.076] [Render thread/INFO] [net.minecraft.advancements.AdvancementTree/]: Loaded 26 advancements
[16jul2025 13:50:40.672] [Server thread/INFO] [net.minecraft.server.MinecraftServer/]: [Dev: Tu modo de juego cambió a Supervivencia]
[16jul2025 13:50:40.681] [Render thread/INFO] [net.minecraft.client.gui.components.ChatComponent/]: [System] [CHAT] Tu modo de juego cambió a Supervivencia
[16jul2025 13:50:43.617] [Server thread/INFO] [net.minecraft.server.MinecraftServer/]: Dev acaba de conseguir el progreso [¡DIAMANTES!]
[16jul2025 13:50:43.634] [Render thread/INFO] [net.minecraft.client.gui.components.ChatComponent/]: [System] [CHAT] Dev acaba de conseguir el progreso [¡DIAMANTES!]
[16jul2025 13:50:43.685] [Render thread/INFO] [net.minecraft.advancements.AdvancementTree/]: Loaded 40 advancements
[16jul2025 13:50:51.925] [Server thread/INFO] [net.minecraft.server.MinecraftServer/]: [Dev: Tu modo de juego cambió a Creativo]
[16jul2025 13:50:51.945] [Render thread/INFO] [net.minecraft.client.gui.components.ChatComponent/]: [System] [CHAT] Tu modo de juego cambió a Creativo
[16jul2025 13:50:52.566] [Render thread/WARN] [net.minecraft.client.sounds.SoundEngine/SOUNDS]: Unable to play empty soundEvent: minecraft:entity.salmon.ambient
[16jul2025 13:51:19.039] [Render thread/INFO] [net.minecraft.advancements.AdvancementTree/]: Loaded 49 advancements
[16jul2025 13:51:49.558] [Server thread/INFO] [net.minecraft.client.server.IntegratedServer/]: Saving and pausing game...
[16jul2025 13:51:49.590] [Server thread/INFO] [net.minecraft.server.MinecraftServer/]: Saving chunks for level 'ServerLevel[EOV Tests 2.Alfa]'/minecraft:overworld
[16jul2025 13:51:49.614] [Server thread/INFO] [net.minecraft.server.MinecraftServer/]: Saving chunks for level 'ServerLevel[EOV Tests 2.Alfa]'/minecraft:the_end
[16jul2025 13:51:49.614] [Server thread/INFO] [net.minecraft.server.MinecraftServer/]: Saving chunks for level 'ServerLevel[EOV Tests 2.Alfa]'/minecraft:the_nether
[16jul2025 13:52:11.268] [Server thread/INFO] [net.minecraft.server.network.ServerGamePacketListenerImpl/]: Dev lost connection: Desconectado/a
[16jul2025 13:52:11.271] [Server thread/INFO] [net.minecraft.server.MinecraftServer/]: Dev se desconectó
[16jul2025 13:52:11.303] [Server thread/INFO] [net.minecraft.server.network.ServerCommonPacketListenerImpl/]: Stopping singleplayer server as player logged out
[16jul2025 13:52:11.383] [Server thread/INFO] [net.minecraft.server.MinecraftServer/]: Stopping server
[16jul2025 13:52:11.392] [Server thread/INFO] [net.minecraft.server.MinecraftServer/]: Saving players
[16jul2025 13:52:11.392] [Server thread/INFO] [net.minecraft.server.MinecraftServer/]: Saving worlds
[16jul2025 13:52:15.799] [Server thread/INFO] [net.minecraft.server.MinecraftServer/]: Saving chunks for level 'ServerLevel[EOV Tests 2.Alfa]'/minecraft:overworld
[16jul2025 13:52:16.134] [Server thread/INFO] [net.minecraft.server.MinecraftServer/]: Saving chunks for level 'ServerLevel[EOV Tests 2.Alfa]'/minecraft:the_end
[16jul2025 13:52:16.149] [Server thread/INFO] [net.minecraft.server.MinecraftServer/]: Saving chunks for level 'ServerLevel[EOV Tests 2.Alfa]'/minecraft:the_nether
[16jul2025 13:52:16.201] [Server thread/INFO] [net.minecraft.server.MinecraftServer/]: ThreadedAnvilChunkStorage (EOV Tests 2_Alfa): All chunks are saved
[16jul2025 13:52:16.201] [Server thread/INFO] [net.minecraft.server.MinecraftServer/]: ThreadedAnvilChunkStorage (DIM1): All chunks are saved
[16jul2025 13:52:16.201] [Server thread/INFO] [net.minecraft.server.MinecraftServer/]: ThreadedAnvilChunkStorage (DIM-1): All chunks are saved
[16jul2025 13:52:16.202] [Server thread/INFO] [net.minecraft.server.MinecraftServer/]: ThreadedAnvilChunkStorage: All dimensions are saved
[16jul2025 13:52:19.214] [Render thread/INFO] [net.minecraft.client.Minecraft/]: Stopping!
